  \
 ()()
()()()
 ()()
  ()
  \     \     \     \
 ()()  ()()  ()()  ()()
()()()()()()()()()()()()
 ()()  ()()  ()()  ()()
  ()    ()    ()    ()
  \     \
 ()()  ()()
()()()()()()
 ()()  ()()
  ()    ()
  \     \     \     \     \     \     \     \     \     \
 ()()  ()()  ()()  ()()  ()()  ()()  ()()  ()()  ()()  ()()
()()()()()()()()()()()()()()()()()()()()()()()()()()()()()()
 ()()  ()()  ()()  ()()  ()()  ()()  ()()  ()()  ()()  ()()
  ()    ()    ()    ()    ()    ()    ()    ()    ()    ()
  \     \     \     \     \     \     \     \     \     \     \     \     \     \     \     \     \     \     \     \
 ()()  ()()  ()()  ()()  ()()  ()()  ()()  ()()  ()()  ()()  ()()  ()()  ()()  ()()  ()()  ()()  ()()  ()()  ()()  ()()
()()()()()()()()()()()()()()()()()()()()()()()()()()()()()()()()()()()()()()()()()()()()()()()()()()()()()()()()()()()()
 ()()  ()()  ()()  ()()  ()()  ()()  ()()  ()()  ()()  ()()  ()()  ()()  ()()  ()()  ()()  ()()  ()()  ()()  ()()  ()()
  ()    ()    ()    ()    ()    ()    ()    ()    ()    ()    ()    ()    ()    ()    ()    ()    ()    ()    ()    ()
  \     \     \     \     \     \     \     \     \     \     \     \     \     \     \     \     \     \     \     \     \     \     \     \     \     \     \     \     \     \
 ()()  ()()  ()()  ()()  ()()  ()()  ()()  ()()  ()()  ()()  ()()  ()()  ()()  ()()  ()()  ()()  ()()  ()()  ()()  ()()  ()()  ()()  ()()  ()()  ()()  ()()  ()()  ()()  ()()  ()()
()()()()()()()()()()()()()()()()()()()()()()()()()()()()()()()()()()()()()()()()()()()()()()()()()()()()()()()()()()()()()()()()()()()()()()()()()()()()()()()()()()()()()()()()()()
 ()()  ()()  ()()  ()()  ()()  ()()  ()()  ()()  ()()  ()()  ()()  ()()  ()()  ()()  ()()  ()()  ()()  ()()  ()()  ()()  ()()  ()()  ()()  ()()  ()()  ()()  ()()  ()()  ()()  ()()
  ()    ()    ()    ()    ()    ()    ()    ()    ()    ()    ()    ()    ()    ()    ()    ()    ()    ()    ()    ()    ()    ()    ()    ()    ()    ()    ()    ()    ()    ()
  \     \     \     \     \     \     \     \     \     \     \     \     \     \     \     \     \     \     \     \     \     \     \     \     \     \     \     \     \     \     \     \     \     \     \     \     \     \     \     \
 ()()  ()()  ()()  ()()  ()()  ()()  ()()  ()()  ()()  ()()  ()()  ()()  ()()  ()()  ()()  ()()  ()()  ()()  ()()  ()()  ()()  ()()  ()()  ()()  ()()  ()()  ()()  ()()  ()()  ()()  ()()  ()()  ()()  ()()  ()()  ()()  ()()  ()()  ()()  ()()
()()()()()()()()()()()()()()()()()()()()()()()()()()()()()()()()()()()()()()()()()()()()()()()()()()()()()()()()()()()()()()()()()()()()()()()()()()()()()()()()()()()()()()()()()()()()()()()()()()()()()()()()()()()()()()()()()()()()()()()()
 ()()  ()()  ()()  ()()  ()()  ()()  ()()  ()()  ()()  ()()  ()()  ()()  ()()  ()()  ()()  ()()  ()()  ()()  ()()  ()()  ()()  ()()  ()()  ()()  ()()  ()()  ()()  ()()  ()()  ()()  ()()  ()()  ()()  ()()  ()()  ()()  ()()  ()()  ()()  ()()
  ()    ()    ()    ()    ()    ()    ()    ()    ()    ()    ()    ()    ()    ()    ()    ()    ()    ()    ()    ()    ()    ()    ()    ()    ()    ()    ()    ()    ()    ()    ()    ()    ()    ()    ()    ()    ()    ()    ()    ()
  \     \     \     \     \     \     \     \     \     \     \     \     \     \     \     \     \     \     \     \     \     \     \     \     \     \     \     \     \     \     \     \     \     \     \     \     \     \     \     \     \     \     \     \     \     \     \     \     \     \
 ()()  ()()  ()()  ()()  ()()  ()()  ()()  ()()  ()()  ()()  ()()  ()()  ()()  ()()  ()()  ()()  ()()  ()()  ()()  ()()  ()()  ()()  ()()  ()()  ()()  ()()  ()()  ()()  ()()  ()()  ()()  ()()  ()()  ()()  ()()  ()()  ()()  ()()  ()()  ()()  ()()  ()()  ()()  ()()  ()()  ()()  ()()  ()()  ()()  ()()
()()()()()()()()()()()()()()()()()()()()()()()()()()()()()()()()()()()()()()()()()()()()()()()()()()()()()()()()()()()()()()()()()()()()()()()()()()()()()()()()()()()()()()()()()()()()()()()()()()()()()()()()()()()()()()()()()()()()()()()()()()()()()()()()()()()()()()()()()()()()()()()()()()()()()()
 ()()  ()()  ()()  ()()  ()()  ()()  ()()  ()()  ()()  ()()  ()()  ()()  ()()  ()()  ()()  ()()  ()()  ()()  ()()  ()()  ()()  ()()  ()()  ()()  ()()  ()()  ()()  ()()  ()()  ()()  ()()  ()()  ()()  ()()  ()()  ()()  ()()  ()()  ()()  ()()  ()()  ()()  ()()  ()()  ()()  ()()  ()()  ()()  ()()  ()()
  ()    ()    ()    ()    ()    ()    ()    ()    ()    ()    ()    ()    ()    ()    ()    ()    ()    ()    ()    ()    ()    ()    ()    ()    ()    ()    ()    ()    ()    ()    ()    ()    ()    ()    ()    ()    ()    ()    ()    ()    ()    ()    ()    ()    ()    ()    ()    ()    ()    ()
  \     \
 ()()  ()()
()()()()()()
 ()()  ()()
  ()    ()
  \     \     \     \     \     \     \
 ()()  ()()  ()()  ()()  ()()  ()()  ()()
()()()()()()()()()()()()()()()()()()()()()
 ()()  ()()  ()()  ()()  ()()  ()()  ()()
  ()    ()    ()    ()    ()    ()    ()
