4
01/05/2025: Tyson vs Holyfield
01/05/2025: Lewis vs Foreman
01/15/2025: Tyson vs Holyfield
01/20/2025: Lewis vs Foreman

2
03/05/2025: Ali vs Frazier
03/12/2025: Ali vs Frazier

5
02/01/2025: Rocky vs Apollo
02/01/2025: Clubber vs Drago
02/15/2025: Rocky vs Clubber
02/15/2025: Apollo vs Mason
02/28/2025: Apollo vs Clubber

7
04/01/2025: Alpha vs Bravo
04/01/2025: Charlie vs Delta
04/01/2025: Echo vs Foxtrot
04/05/2025: Alpha vs Charlie
04/05/2025: Bravo vs Delta
04/10/2025: Bravo vs Charlie
04/10/2025: Echo vs Foxtrot

3
05/01/2025: Champ vs Contender
05/03/2025: Champ vs Contender
05/05/2025: Champ vs Contender

8
06/01/2025: P1 vs P5
06/01/2025: P2 vs P6
06/01/2025: P3 vs P7
06/01/2025: P4 vs P8
06/16/2025: P5 vs P6
06/16/2025: P7 vs P8
06/20/2025: P1 vs P3
06/20/2025: P2 vs P4

4
07/01/2025: Quick vs Fast
07/01/2025: Speed vs Slow
07/02/2025: Quick vs Fast
07/02/2025: Speed vs Slow

8
08/01/2025: A vs B
08/01/2025: C vs D
08/01/2025: E vs F
08/01/2025: G vs H
08/01/2025: I vs J
08/10/2025: E vs G
08/10/2025: F vs H
08/15/2025: D vs I

8
09/01/2025: Red vs Blue
09/01/2025: Green vs Yellow
09/07/2025: Red vs Orange
09/07/2025: Blue vs Yellow
09/13/2025: Red vs Green
09/13/2025: Blue vs Orange
09/19/2025: Red vs Yellow
09/19/2025: Blue vs Green

2
10/01/2025: Gold vs Silver
11/01/2025: Gold vs Silver
