1. Biles 63.6
2. Lee 61.7
3. Chiles 60.8
4. Carey 59.4

1. Alpha 56.0
2. Beta 56.0
3. Gamma 56.0

1. Amy 64.0
2. Zoe 64.0

1. Solo 54.0

1. Aaa 56.0
2. Bbb 56.0
3. Ccc 56.0
4. Ddd 56.0
5. Eee 56.0

1. Moon 65.2
2. Sky 65.2
3. Star 65.2
4. Sun 65.2
5. Cloud 63.2
6. Rain 63.2

1. Second 40.0
2. First 20.0
3. Third 20.0

1. P1 60.0
2. P2 60.0
3. P3 60.0
4. P4 60.0

1. Bronze 65.6
2. Copper 65.6
3. Gold 65.6
4. Silver 65.6
5. Iron 63.6

1. A 60.0
2. B 60.0
3. C 60.0
4. D 60.0
5. E 60.0
6. F 60.0
7. G 60.0
8. H 60.0

