68632
137119
203958
272121
371435
444431
520791
586434
671235
728199
812256
892578
957698
1041569
1117494
1194691
1262191
1336536
1414960
1484622
1570669
1643891
1698424
1792904
1867341
1941144
2011022
2091665
2155582
2238311
2303652
2382703
2466220
2537245
2609010
2685748
2760584
2841410
2904571
2981013
3062041
3142043
3213101
3285862
3362578
3441231
3499977
3584630
3665496
3734054
3813741
3887127
3959248
4039398
4111052
4184335
4256153
4333989
4412018
4462834
4552849
4629052
4701576
4783783
4860737
4918680
5000887
5077606
5155196
5215101
5306825
5376742
5459211
5533965
5603412
5673382
5757921
5833779
5901733
5975000
6057595
6126222
6205329
6280757
6346641
6424926
6499499
6583881
6648467
6727391
6807351
6873322
6953751
7014761
7098002
7170651
7246059
7321275
7402941
7469742
7547317
7626460
7695056
7779676
7846890
7929866
7996562
8073739
8152311
8226320
8300083
8373154
8441078
8524095
8599963
8661825
8749085
8816064
8902500
8963196
9053353
9128223
9200918
9274356
9345194
9422206
9486885
9566690
9648825
9715786
9796816
9872757
9944280
10013850
10100091
10169894
10248665
10318003
10394578
10458131
10518282
10613403
10689862
10756846
10833840
10918010
10995740
11056873
11129593
11220038
11295477
11373396
11441136
11517757
11598927
11663656
11715244
11813967
11893250
11968014
12043841
12113480
12188554
12263685
12346759
12413941
12489666
12570509
12643159
12712962
12788989
12868146
12925410
13014710
13079749
13168076
13215242
13311156
13382941
13466415
13539875
13615827
13687805
13763443
13825173
13915749
13978570
14059768
14134502
14214405
14292125
14363446
14435190
14515574
14584294
14656471
14723771
14795558
14890799
14963268
15038403
15096074
15190025
15250634
15336818
15413997
15481585
15556470
15630558
15708928
15771270
15855993
15920020
15993903
16084774
16155500
16226313
16307075
16382579
16462008
16534328
16596209
16685112
16758940
16823511
16902120
16970338
17051979
17131536
17199692
17279789
17356058
17418804
17501682
17577666
17639854
17729596
17803118
17873278
17950129
18029525
18089683
18183900
18250388
18323453
18403917
18474729
18551148
18620199
18695815
18777571
18851042
18928621
18999417
19075232
19153619
19223467
19298626
19378741
19448850
19526133
19597171
19660177
19741863
19821929
19901423
19968309
20048057
20123373
20197445
20272500
20343733
20423741
20492362
20575132
20647877
20722948
20778512
20868356
20948715
21025611
21097810
21175381
21244521
21318991
21393008
21469280
21550964
21619430
21698111
21771823
21846455
21916455
21999057
22064620
22140756
22219195
22297948
22365867
22447030
22516001
22595532
22664550
22745228
22816172
22893944
22943928
23029263
23108297
23193306
23263877
23347087
23415247
23488513
23558312
23646240
23718884
23769493
23865057
23939881
24011032
24084253
24155119
24241560
24307859
24385400
24457083
24542782
24613853
24686971
24759482
24834103
24907519
24988965
25066516
25142507
25217211
25287878
25358291
25425044
25511802
25587367
25661340
25740014
25809104
25878058
25962487
26035185
26114459
26175035
26260708
26337428
26411126
26486594
26564067
26634446
26706772
26786290
26860797
26933280
27012413
27061705
27156673
27236577
27307933
27377165
27457173
27533575
27599282
27684728
27757608
27830656
27907414
27971768
28061228
28128914
28207392
28278505
28356979
28424251
28509908
28578286
28638766
28722743
28805489
28884711
28957697
29032574
29095371
29177558
29257867
29331845
29408380
29482178
29556484
29617405
29704802
29775557
29854359
29923940
29990858
30072587
30153178
30228499
30296419
30377492
30446228
30527234
30588884
30671593
30752844
30817690
30904095
30974138
31043569
31112830
31192395
31275560
31342377
31413165
31500409
31572717
31649015
31727571
31791899
31874718
31941978
32006027
32091862
32166267
32245226
32320739
32396209
32474176
32550302
32620570
32694682
32772639
32826576
32919101
32984793
33072656
33146581
33223427
33296639
33371898
33445816
33518650
33582291
33652915
33746090
33808227
33887440
33968916
34042524
34110342
34193742
34267914
34342635
34413709
34492996
34557921
34635796
34714542
34775488
34869500
34939412
35016720
35070736
35160517
35235447
35306954
35391332
35468100
35535321
35618321
35691107
35760904
35828865
35910085
35987994
36063344
36140018
36214378
36286858
36361181
36437879
36514227
36584477
36660749
36731360
36812317
36875292
36961849
37038927
37112767
37191175
37245227
37336696
37410461
37486150
37558265
37638275
37709872
37787149
37862873
37933119
38009916
38081156
38159769
38221585
38308153
38384675
38458854
38528564
38606262
38672779
38757125
38827040
38895811
38980237
39050590
39134416
39196368
39271759
39357395
39412365
39502867
39582869
39648923
39732368
39802638
39881312
39954741
40021686
40105914
40183287
40253612
40322422
40401463
40478349
40558687
40624944
40693495
40782359
40851961
40919213
41003209
41081354
41154019
41227960
41272044
41373030
41449911
41526766
41602347
41668539
41748655
41826939
41904078
41977715
42047991
42124870
42195257
42274702
42339676
42427407
42503693
42574252
42640365
42715644
42786432
42866983
42947771
43027168
43096441
43173152
43228089
43326403
43393998
43465235
43535844
43618758
43700837
43774083
43845037
43925244
43997169
44071736
44149028
44223642
44288605
44358398
44439263
44513599
44596424
44672105
44744651
44820892
44895338
44960160
45040800
45122017
45184522
45266049
45344395
45419722
45495909
45566192
45640172
45711490
45791424
45857961
45940881
46001344
46089720
46158489
46223799
46315157
46389817
46465988
46533535
46609401
46693284
46769592
46840628
46915124
46993718
47063130
47135737
47216223
47278184
47361709
47434431
47512811
47589963
47654060
47738334
47815893
47881210
47962783
48030380
48114432
48185319
48256327
48335604
48405936
48487549
48554119
48637847
48709978
48787398
48849600
48926318
49010091
49083642
49149201
49230502
49303045
49378027
49461389
49529958
49592230
49686051
49762268
49836369
49900784
49982478
50053979
50122404
50210642
50281284
50353785
50428750
50503122
50577010
50658652
50733792
50796097
50881790
50952027
51033871
51104023
51183388
51250679
51313561
51405951
51479206
51553571
51628466
51698272
51774057
51848139
51917513
52003916
52051063
52150607
52227576
52304853
52352206
52456676
52527712
52593271
52675763
52730838
52828081
52862547
52979399
53051760
53122461
53186976
53266273
53350285
53425885
53493607
53570069
53640300
53727449
53802199
53869010
53952503
54026653
54097840
54174747
54247948
54319425
54392283
54475997
54530934
54618457
54700723
54768181
54848944
54919314
54983260
55066633
55147074
55220602
55288131
55369534
55447091
55523820
55577130
55659075
55749260
55817293
55897261
55969976
56040495
56118618
56190144
56253578
56343959
56419597
56490506
56569249
56642604
56717257
56793475
56869616
56942737
57015892
57091811
57168219
57241671
57316719
57391582
57467933
57544968
57614874
57693428
57744840
57831414
57915188
57994034
58067634
58134270
58206625
58268644
58358751
58434302
58514378
58581909
58663218
58737274
58807146
58882180
58967031
59021998
59106050
59190304
59245399
59333408
59399135
59487491
59560994
59629215
59712084
59785346
59862626
59935474
60014392
60086328
60161506
60226932
60310666
60384653
60461172
60531242
60608843
60686947
60744719
60828105
60901154
60982135
61057513
61124236
61204656
61284313
61353515
61428007
61508121
61579765
61656330
61724493
61796926
61883288
61947365
62023763
62096445
62180627
62257301
62324536
62395250
62473713
62552834
62629698
62697678
62780861
62841637
62924074
62994982
63078701
63156612
63225434
63304563
63371369
63457256
63526308
63595294
63672643
63745219
63822882
63898069
63959748
64047531
64110873
64197933
64272894
64353010
64428392
64483609
64567369
64639474
64723344
64798847
64872770
64952472
65020933
65085859
65165257
65248835
65325113
65392583
65473046
65543055
65625087
65701081
65769903
65846620
65923354
65985996
66073203
66145295
66210439
66289859
66365014
66443530
66519508
66596587
66669972
66737742
66817624
66896612
66967879
67040494
67115011
67185062
67252192
67347398
67409595
67489397
67568178
67635387
67716232
67790084
67867634
67940259
68019485
68082667
68161534
68239843
68312911
68388741
68452529
68534102
68617432
68690963
68753994
68833830
68907247
68980833
69067353
69139048
69214325
69288563
69359580
69436282
69500379
69580458
69667532
69737805
69804222
69885050
69966535
70036727
70088618
70184167
70265715
70303763
70412653
70483374
70547620
70622811
70698556
70782727
70853133
70938915
71004976
71078843
71162407
71223817
71310201
71385716
71458140
71528912
71609294
71678165
71759755
71835363
71904479
71978889
72040832
72118269
72210133
72262659
72356068
72428080
72497226
72575903
72655602
72733631
72810863
72883694
72960096
73013105
73107463
73172131
73260320
73333929
73403980
73481604
73537061
73621650
73687284
73777558
73827406
73928722
74002661
74079083
74146124
74223322
74307166
74371674
74435376
74515427
74599429
74655033
74734864
74822711
