STANDINGS:
1. Eagles
2. Tigers
3. Bears
3. Lions
UPSETS:
Tigers over Lions

STANDINGS:
1. Kansas
2. Auburn
3. Duke
3. Gonzaga
5. Baylor
5. Kentucky
5. UCLA
5. UNC
UPSETS:
Kansas over UNC
Gonzaga over UCLA
Auburn over Baylor
Kansas over Duke
Auburn over Gonzaga

STANDINGS:
1. Warriors
2. Celtics
UPSETS:
None

STANDINGS:
1. Heat
2. Spurs
3. Lakers
3. Nets
UPSETS:
None

STANDINGS:
1. Underdogs
2. Sleepers
3. Favorites
3. Midtier
UPSETS:
Underdogs over Favorites
Sleepers over Midtier
Underdogs over Sleepers

STANDINGS:
1. Alpha
2. Charlie
3. Bravo
3. Delta
5. Echo
5. Foxtrot
5. Golf
5. Hotel
UPSETS:
None

STANDINGS:
1. Aces
2. Elks
3. Crows
3. Gators
5. Bolts
5. Darts
5. Flames
5. Hawks
9. Icers
9. Jaguars
9. Knights
9. Lynx
9. Marlins
9. Ninjas
9. Owls
9. Panthers
UPSETS:
None

STANDINGS:
1. White
2. Green
3. Blue
3. Yellow
5. Black
5. Orange
5. Purple
5. Red
UPSETS:
White over Red
White over Blue
White over Green

STANDINGS:
1. Michigan
2. PennState
3. Iowa
3. OhioState
UPSETS:
None

STANDINGS:
1. Busters
2. Chalks
UPSETS:
Busters over Chalks

STANDINGS:
1. Lions
2. Indians
3. Cardinals
3. Hornets
5. Bulldogs
5. Demons
5. Trojans
5. Vikings
9. Aztecs
9. Eagles
9. Falcons
9. Giants
9. Jays
9. Kings
9. Spartans
9. Warriors
UPSETS:
Lions over Spartans
Hornets over Warriors
Indians over Aztecs
Lions over Trojans
Hornets over Vikings
Indians over Bulldogs
Lions over Hornets
Indians over Cardinals
Lions over Indians
