Kraz
azyy
ru  
KlGG
!eul
Krazy 
azy GG
rK!eul
Krazy Glue
azy Glue!!
rue!KrazKK
KlGlue!yrr
!G lueK aa
e yGK!rGzz
uyz yzalyy
lzarK!eu  
GarK!eulGG
 yzarK!eul
Krazy Gl
yzarK!eu
Kr
ya
zz
ay
r 
KG
!l
eu
Krazy
y Gl 
zrauG
aK!el
rK!eu
Kra
luz
G y
Kr
za
K
Krazy Glue!Krazy Glu
e!Krazy Glue!Krazy e
uKrazy Glue!Krazy G!
l! Glue!Krazy GluGlK
Geyazy Glue!Krazelur
 uzrazy Glue!Kry!uea
ylaKr Glue!Kraa Ke!z
zGr!KyKrazy GzzGr!Ky
a Ke!z!e!KralyylaKr 
ry!ueaeu!Krzu  uzraG
KzelurulezayeGGeyazl
!auGlKlGulG !ll! zyu
erl G!G yzarKuuKGy e
uKGy e yzarK!eerl G!
l! zyulG yzarK!auGlK
GeyazarK!eulG yzelur
 uzrK!eulG yzarK!uea
ylarK!eulG yzarK!e!z
zG yzarK!eulG yzarKy
arK!eulG yzarK!eulG 
